components/lightswind/chart.tsx(118,7): error TS2339: Property 'payload' does not exist on type 'Omit<Omit<Props<ValueType, NameType>, PropertiesReadFromContext> & { active?: boolean | undefined; allowEscapeViewBox?: AllowInDimension | undefined; ... 17 more ...; wrapperStyle?: CSSProperties | undefined; } & ClassAttributes<...> & HTMLAttributes<...> & { ...; }, "ref">'.
components/lightswind/chart.tsx(123,7): error TS2339: Property 'label' does not exist on type 'Omit<Omit<Props<ValueType, NameType>, PropertiesReadFromContext> & { active?: boolean | undefined; allowEscapeViewBox?: AllowInDimension | undefined; ... 17 more ...; wrapperStyle?: CSSProperties | undefined; } & ClassAttributes<...> & HTMLAttributes<...> & { ...; }, "ref">'.
components/lightswind/chart.tsx(187,25): error TS7006: Parameter 'item' implicitly has an 'any' type.
components/lightswind/chart.tsx(187,31): error TS7006: Parameter 'index' implicitly has an 'any' type.
components/lightswind/chart.tsx(263,41): error TS2344: Type '"verticalAlign" | "payload"' does not satisfy the constraint '"string" | "filter" | "fill" | "values" | "className" | "style" | "path" | "color" | "points" | "end" | "alphabetic" | "ideographic" | "mathematical" | "accumulate" | "local" | ... 431 more ... | "onBBoxUpdate"'.
  Type '"payload"' is not assignable to type '"string" | "filter" | "fill" | "values" | "className" | "style" | "path" | "color" | "points" | "end" | "alphabetic" | "ideographic" | "mathematical" | "accumulate" | "local" | ... 431 more ... | "onBBoxUpdate"'.
components/lightswind/chart.tsx(274,19): error TS2339: Property 'length' does not exist on type '{}'.
components/lightswind/chart.tsx(287,18): error TS2339: Property 'map' does not exist on type '{}'.
components/lightswind/chart.tsx(287,23): error TS7006: Parameter 'item' implicitly has an 'any' type.
components/lightswind/collapsible.tsx(78,17): error TS2698: Spread types may only be created from object types.
components/lightswind/collapsible.tsx(82,23): error TS18046: 'child.props' is of type 'unknown'.
components/lightswind/collapsible.tsx(83,21): error TS18046: 'child.props' is of type 'unknown'.
components/lightswind/collapsible.tsx(86,39): error TS18046: 'child.props' is of type 'unknown'.
components/lightswind/dialog.tsx(86,5): error TS2698: Spread types may only be created from object types.
components/lightswind/dock.tsx(69,5): error TS2345: Argument of type 'RefObject<HTMLDivElement | null>' is not assignable to parameter of type 'RefObject<HTMLDivElement>'.
  Type 'HTMLDivElement | null' is not assignable to type 'HTMLDivElement'.
    Type 'null' is not assignable to type 'HTMLDivElement'.
components/lightswind/drag-order-list.tsx(50,37): error TS2345: Argument of type 'MotionValue<number>' is not assignable to parameter of type 'MotionValue<unknown>'.
  Types of property 'attach' are incompatible.
    Type '(passiveEffect: PassiveEffect<number>, stopPassiveEffect: VoidFunction) => void' is not assignable to type '(passiveEffect: PassiveEffect<unknown>, stopPassiveEffect: VoidFunction) => void'.
      Types of parameters 'passiveEffect' and 'passiveEffect' are incompatible.
        Types of parameters 'safeSetter' and 'safeSetter' are incompatible.
          Type '(v: number) => void' is not assignable to type '(v: unknown) => void'.
            Types of parameters 'v' and 'v' are incompatible.
              Type 'unknown' is not assignable to type 'number'.
components/lightswind/dropdown-menu.tsx(144,7): error TS2698: Spread types may only be created from object types.
components/lightswind/dropdown-menu.tsx(170,13): error TS18046: 'child.props' is of type 'unknown'.
components/lightswind/dropdown-menu.tsx(170,34): error TS18046: 'child.props' is of type 'unknown'.
components/lightswind/dropdown-menu.tsx(174,13): error TS18046: 'child.props' is of type 'unknown'.
components/lightswind/dropdown-menu.tsx(174,39): error TS18046: 'child.props' is of type 'unknown'.
components/lightswind/dropdown-menu.tsx(178,13): error TS18046: 'child.props' is of type 'unknown'.
components/lightswind/dropdown-menu.tsx(178,39): error TS18046: 'child.props' is of type 'unknown'.
components/lightswind/glowing-cards.tsx(186,41): error TS18046: 'child.props' is of type 'unknown'.
components/lightswind/glowing-cards.tsx(189,23): error TS18046: 'child.props' is of type 'unknown'.
components/lightswind/glowing-cards.tsx(194,26): error TS18046: 'child.props' is of type 'unknown'.
components/lightswind/gradient-background.tsx(97,26): error TS2503: Cannot find namespace 'JSX'.
components/lightswind/hell-background.tsx(106,26): error TS2503: Cannot find namespace 'JSX'.
components/lightswind/popover.tsx(135,15): error TS2698: Spread types may only be created from object types.
components/lightswind/popover.tsx(138,21): error TS18046: 'child.props' is of type 'unknown'.
components/lightswind/popover.tsx(138,42): error TS18046: 'child.props' is of type 'unknown'.
components/lightswind/reflect-background.tsx(77,29): error TS2503: Cannot find namespace 'JSX'.
components/lightswind/resizable.tsx(9,51): error TS2339: Property 'PanelGroup' does not exist on type 'typeof import("D:/New_Defence_Public_School/ndps-premium/node_modules/react-resizable-panels/dist/react-resizable-panels")'.
components/lightswind/resizable.tsx(10,23): error TS2339: Property 'PanelGroup' does not exist on type 'typeof import("D:/New_Defence_Public_School/ndps-premium/node_modules/react-resizable-panels/dist/react-resizable-panels")'.
components/lightswind/resizable.tsx(25,51): error TS2339: Property 'PanelResizeHandle' does not exist on type 'typeof import("D:/New_Defence_Public_School/ndps-premium/node_modules/react-resizable-panels/dist/react-resizable-panels")'.
components/lightswind/resizable.tsx(28,23): error TS2339: Property 'PanelResizeHandle' does not exist on type 'typeof import("D:/New_Defence_Public_School/ndps-premium/node_modules/react-resizable-panels/dist/react-resizable-panels")'.
components/lightswind/resizable.tsx(40,24): error TS2339: Property 'PanelResizeHandle' does not exist on type 'typeof import("D:/New_Defence_Public_School/ndps-premium/node_modules/react-resizable-panels/dist/react-resizable-panels")'.
components/lightswind/ripple-loader.tsx(75,17): error TS2769: No overload matches this call.
  The last overload gave the following error.
    Object literal may only specify known properties, and 'style' does not exist in type 'Partial<unknown> & Attributes'.
components/lightswind/scroll-carousel.tsx(161,7): error TS2345: Argument of type 'RefObject<HTMLDivElement | null>' is not assignable to parameter of type 'RefObject<HTMLDivElement>'.
  Type 'HTMLDivElement | null' is not assignable to type 'HTMLDivElement'.
    Type 'null' is not assignable to type 'HTMLDivElement'.
components/lightswind/select.tsx(97,9): error TS2322: Type 'RefObject<HTMLButtonElement | null>' is not assignable to type 'RefObject<HTMLButtonElement>'.
  Type 'HTMLButtonElement | null' is not assignable to type 'HTMLButtonElement'.
    Type 'null' is not assignable to type 'HTMLButtonElement'.
components/lightswind/select.tsx(146,11): error TS18046: 'node.props' is of type 'unknown'.
components/lightswind/select.tsx(148,26): error TS18046: 'node.props' is of type 'unknown'.
components/lightswind/select.tsx(152,28): error TS18046: 'node.props' is of type 'unknown'.
components/lightswind/select.tsx(404,48): error TS18046: 'child.props' is of type 'unknown'.
components/lightswind/select.tsx(405,24): error TS2533: Object is possibly 'null' or 'undefined'.
components/lightswind/select.tsx(405,43): error TS18046: 'child.props' is of type 'unknown'.
components/lightswind/select.tsx(419,21): error TS18046: 'child.props' is of type 'unknown'.
components/lightswind/select.tsx(425,51): error TS18046: 'groupChild.props' is of type 'unknown'.
components/lightswind/select.tsx(433,25): error TS2698: Spread types may only be created from object types.
components/lightswind/select.tsx(441,43): error TS18046: 'child.props' is of type 'unknown'.
components/lightswind/shader-background.tsx(94,28): error TS2503: Cannot find namespace 'JSX'.
components/lightswind/sheet.tsx(87,9): error TS2698: Spread types may only be created from object types.
components/lightswind/sheet.tsx(91,15): error TS18046: 'child.props' is of type 'unknown'.
components/lightswind/sheet.tsx(91,36): error TS18046: 'child.props' is of type 'unknown'.
components/lightswind/sidebar.tsx(9,24): error TS2503: Cannot find namespace 'clsx'.
components/lightswind/sidebar.tsx(186,9): error TS2322: Type 'RefObject<HTMLDivElement | null>' is not assignable to type 'RefObject<HTMLDivElement>'.
  Type 'HTMLDivElement | null' is not assignable to type 'HTMLDivElement'.
    Type 'null' is not assignable to type 'HTMLDivElement'.
components/lightswind/sidebar.tsx(532,17): error TS2698: Spread types may only be created from object types.
components/lightswind/sidebar.tsx(538,32): error TS2339: Property 'className' does not exist on type '{}'.
components/lightswind/sidebar.tsx(580,15): error TS2698: Spread types may only be created from object types.
components/lightswind/sidebar.tsx(586,30): error TS2339: Property 'className' does not exist on type '{}'.
components/lightswind/smokey-background.tsx(92,28): error TS2503: Cannot find namespace 'JSX'.
components/lightswind/terminal-card.tsx(7,44): error TS2307: Cannot find module 'react-syntax-highlighter' or its corresponding type declarations.
components/lightswind/terminal-card.tsx(8,25): error TS2307: Cannot find module 'react-syntax-highlighter/dist/cjs/styles/prism' or its corresponding type declarations.
components/lightswind/text-scroll-marquee.tsx(13,8): error TS2307: Cannot find module 'motion/react' or its corresponding type declarations.
components/lightswind/text-scroll-marquee.tsx(14,22): error TS2307: Cannot find module '@motionone/utils' or its corresponding type declarations.
components/lightswind/text-scroll-marquee.tsx(46,34): error TS7006: Parameter 'v' implicitly has an 'any' type.
components/lightswind/text-scroll-marquee.tsx(63,22): error TS7006: Parameter 't' implicitly has an 'any' type.
components/lightswind/text-scroll-marquee.tsx(63,25): error TS7006: Parameter 'delta' implicitly has an 'any' type.
components/lightswind/toaster.tsx(3,26): error TS2307: Cannot find module '../hooks/use-toast' or its corresponding type declarations.
components/lightswind/toaster.tsx(20,24): error TS7031: Binding element 'id' implicitly has an 'any' type.
components/lightswind/toaster.tsx(20,28): error TS7031: Binding element 'title' implicitly has an 'any' type.
components/lightswind/toaster.tsx(20,35): error TS7031: Binding element 'description' implicitly has an 'any' type.
components/lightswind/toaster.tsx(20,48): error TS7031: Binding element 'action' implicitly has an 'any' type.
components/lightswind/toaster.tsx(20,56): error TS7031: Binding element 'type' implicitly has an 'any' type.
components/lightswind/toaster.tsx(20,62): error TS7031: Binding element 'variant' implicitly has an 'any' type.
components/lightswind/toaster.tsx(20,71): error TS7031: Binding element 'duration' implicitly has an 'any' type.
components/lightswind/typewriter-input.tsx(101,20): error TS2554: Expected 1 arguments, but got 0.
components/lightswind/video-text.tsx(65,8): error TS2745: This JSX tag's 'children' prop expects type 'never' which requires multiple children, but only a single child was provided.
components/lightswind/video-text.tsx(65,24): error TS2322: Type 'string' is not assignable to type 'never'.
components/lightswind/video-text.tsx(74,6): error TS2746: This JSX tag's 'children' prop expects a single child of type 'never', but multiple children were provided.
components/lightswind/video-text.tsx(74,22): error TS2322: Type 'string' is not assignable to type 'never'.
components/lightswind/wave-background.tsx(58,26): error TS2503: Cannot find namespace 'JSX'.
